
  [32m[1mVITE[22m v5.4.21[39m  [2mready in [0m[1m477[22m[2m[0m ms[22m

  [32m➜[39m  [1mLocal[22m:   [36mhttp://localhost:[1m5173[22m/[39m
  [32m➜[39m  [1mNetwork[22m: [36mhttp://192.168.0.107:[1m5173[22m/[39m
[2m18:59:30[22m [36m[1m[vite][22m[39m [32mhmr update [39m[2m/src/pages/Oqituvchi.jsx[22m
[2m19:07:05[22m [36m[1m[vite][22m[39m [32mhmr update [39m[2m/src/components/Layout.jsx[22m
[2[1] [2m20:44:38[22m [36m[1m[vite][22m[39m [32mpage reload [39m[2mdist/index.html[22m
[0] node server/index.js exited with code 4294967295
[1] [2m20:54:57[22m [36m[1m[vite][22m[39m [32mpage reload [39m[2mdist/index.html[22m
[1] [2m20:54:57[22m [36m[1m[vite][22m[39m [32mpage reload [39m[2mdist/index.html[22m
[1] [2m20:57:58[22m [36m[1m[vite][22m[39m [32mpage reload [39m[2mdist/index.html[22m
[1] [2m20:57:58[22m [36m[1m[vite][22m[39m [32mpage reload [39m[2mdist/index.html[22m
[1] [2m21:01:05[22m [36m[1m[vite][22m[39m [32mpage reload [39m[2mdist/index.html[22m
[1] [2m21:01:05[22m [36m[1m[vite][22m[39m [32mpage reload [39m[2mdist/index.html[22m
[1] [2m21:02:52[22m [36m[1m[vite][22m[39m [32mpage reload [39m[2mdist/index.html[22m
[1] [2m21:02:52[22m [36m[1m[vite][22m[39m [32mpage reload [39m[2mdist/index.html[22m
[1] [2m21:06:31[22m [36m[1m[vite][22m[39m [32mpage reload [39m[2mdist/index.html[22m
[1] [2m21:06:31[22m [36m[1m[vite][22m[39m [32mpage reload [39m[2mdist/index.html[22m
[1] [2m21:11:38[22m [36m[1m[vite][22m[39m [32mpage reload [39m[2mdist/index.html[22m
[1] [2m21:11:38[22m [36m[1m[vite][22m[39m [32mpage reload [39m[2mdist/index.html[22m
[1] [2m21:17:00[22m [36m[1m[vite][22m[39m [32mpage reload [39m[2mdist/index.html[22m
[1] [2m21:17:00[22m [36m[1m[vite][22m[39m [32mpage reload [39m[2mdist/index.html[22m
[1] [2m21:22:28[22m [36m[1m[vite][22m[39m [32mpage reload [39m[2mdist/index.html[22m
[1] [2m21:22:28[22m [36m[1m[vite][22m[39m [32mpage reload [39m[2mdist/index.html[22m
